=== Mode A (ADR-016) ===
op-node: op-node version v1.19.7-7e167ae2-1788973605
geth: Geth
L1 RPC http://127.0.0.1:8546 | L2 HTTP http://127.0.0.1:9545 | authrpc http://127.0.0.1:9551 | chain 8091
SystemConfig: 0xe991d1A48616a1F28d26476F53F103731fEFC990
L1 genesis hash: 0x6bea591dd1e26a7e6bf1aec6c2628f82b4b761f2e51349c0e964950a715cdf6e stateRoot: 0x705156a9174129e5f9680428ed9744700abdcb5822061986bf7c52409f445e05
SystemConfig codesize: 2059
mode-a: WARN L1 hash sealed=0x889dfb215cae775760f718eef8a502ca0c7acf34f0113d9617c24379327388aa live=0x6bea591dd1e26a7e6bf1aec6c2628f82b4b761f2e51349c0e964950a715cdf6e — patching rollup.runtime.json
wrote /Users/nrahal/@code/quub/quub.network/artifacts/mode-a/rollup.runtime.json
L2 chain-id: 8091
F213 codesize: 1274
L2 genesis hash: 0x921e4b91e0d46d3cedd1d174bcccdf13252ae7aa0f13a577e9f2609863b81cf1
updated rollup.runtime.json L2 genesis hash
L2 block-number: 125
L2 transferWithMemo: 0xe2878ac7b1f0df76e7f47f58bca9b307d88f652383dfc2e655225c84d11158cb
receipt status: 0x1

blockHash            0xaf84e17d3bf72a6ec5d97c403f6911362f4530469af3b83f99c4cd7b2f51c0d4
blockNumber          175
contractAddress      
cumulativeGasUsed    85841
effectiveGasPrice    497555649
from                 0xf39Fd6e51aad88F6F4ce6aB8827279cffFb92266
gasUsed              39719
logs                 []
logsBloom            0x00000000000000000000000000000000000000000000000000000000000000000000000000000000000000000000000000000000000000000000000000000000000000000000000000000000000000000000000000000000000000000000000000000000000000000000000000000000000000000000000000000000000000000000000000000000000000000000000000000000000000000000000000000000000000000000000000000000000000000000000000000000000000000000000000000000000000000000000000000000000000000000000000000000000000000000000000000000000000000000000000000000000000000000000000000000
root                 
status               0 (failed)
transactionHash      0xc9032a77cfd44b85e7214fc12d534878951a7c7b8c33c20c8c669e904631d16a
transactionIndex     1
type                 2
blobGasPrice         
blobGasUsed          40000
to                   0x000000000000000000000000000000000000F210
mode-a: expected freeze to revert
