=== Mode A (ADR-016) ===
op-node: op-node version v0.0.0-dev
L1 RPC http://127.0.0.1:8546 | L2 HTTP http://127.0.0.1:9545 | authrpc http://127.0.0.1:9551 | chain 8091
L1 genesis hash: 0x931789497a8be803d6ca82effaf9602db9c9ea878b90c935508654a50634afeb
wrote /Users/nrahal/@code/quub/quub.network/artifacts/mode-a/rollup.runtime.json
L2 chain-id: 8091
F213 codesize: 1274
L2 genesis hash: 0xd5c1bd655a0c4154ec931b32b5abab586d0dc320c5bd0a2f513b41505a95d694
updated rollup.runtime.json L2 genesis hash
L2 block-number: 0
op-node log (tail):
t=2026-09-15T17:14:07+0300 lvl=warn msg="syncmode.offset-el-safe is ineffective unless --syncmode=execution-layer; ignoring configured value" syncmode=consensus-layer configured_offset=12h0m0s
t=2026-09-15T17:14:07+0300 lvl=info msg="No persisted sequencer state loaded"
t=2026-09-15T17:14:07+0300 lvl=info msg="Rollup Config" l2_chain_id=8091 l1_chain_id=1 l1_network=mainnet l2_start_time=1789477409 l2_block_hash=0xd5c1bd655a0c4154ec931b32b5abab586d0dc320c5bd0a2f513b41505a95d694 l2_block_number=0 l1_block_hash=0x931789497a8be803d6ca82effaf9602db9c9ea878b90c935508654a50634afeb l1_block_number=0 regolith_time="@ genesis" canyon_time="@ genesis" delta_time="@ genesis" ecotone_time="@ genesis" fjord_time="@ genesis" granite_time="@ genesis" holocene_time="@ genesis" isthmus_time="@ genesis" jovian_time="@ genesis" karst_time="@ genesis" lagoon_time="(not configured)"
t=2026-09-15T17:14:07+0300 lvl=info msg="Initializing rollup node" version=v0.0.0
t=2026-09-15T17:14:07+0300 lvl=info msg="Safety levels" unsafe=enabled safe=enabled
t=2026-09-15T17:14:07+0300 lvl=warn msg="This endpoint is required for the Ecotone upgrade, but is missing, and configured to be ignored. The node may be unable to retrieve EIP-4844 blobs data."
t=2026-09-15T17:14:07+0300 lvl=error msg="failed to fetch runtime config data" err="failed to fetch unsafe block signing address from system config: failed to verify retrieved proof against state root: failed to verify account value with key 0xe991d1A48616a1F28d26476F53F103731fEFC990 (path d037aca0722d2493a6ffb2e6aa721cb0946145fd79cbf546bb28d37bc0064b6c) in account trie 0x56e81f171bcc55a6ff8345e692c0f86e5b48e01b996cadc001622fb5e363b421: proof node 0 (hash 56e81f171bcc55a6ff8345e692c0f86e5b48e01b996cadc001622fb5e363b421) missing"
t=2026-09-15T17:14:17+0300 lvl=error msg="failed to fetch runtime config data" err="failed to fetch unsafe block signing address from system config: failed to verify retrieved proof against state root: failed to verify account value with key 0xe991d1A48616a1F28d26476F53F103731fEFC990 (path d037aca0722d2493a6ffb2e6aa721cb0946145fd79cbf546bb28d37bc0064b6c) in account trie 0x56e81f171bcc55a6ff8345e692c0f86e5b48e01b996cadc001622fb5e363b421: proof node 0 (hash 56e81f171bcc55a6ff8345e692c0f86e5b48e01b996cadc001622fb5e363b421) missing"
t=2026-09-15T17:14:19+0300 lvl=info msg="Received first L1 head signal" l1_head=0x931789497a8be803d6ca82effaf9602db9c9ea878b90c935508654a50634afeb:0
t=2026-09-15T17:14:27+0300 lvl=error msg="failed to fetch runtime config data" err="failed to fetch unsafe block signing address from system config: failed to verify retrieved proof against state root: failed to verify account value with key 0xe991d1A48616a1F28d26476F53F103731fEFC990 (path d037aca0722d2493a6ffb2e6aa721cb0946145fd79cbf546bb28d37bc0064b6c) in account trie 0x56e81f171bcc55a6ff8345e692c0f86e5b48e01b996cadc001622fb5e363b421: proof node 0 (hash 56e81f171bcc55a6ff8345e692c0f86e5b48e01b996cadc001622fb5e363b421) missing"
t=2026-09-15T17:14:37+0300 lvl=error msg="failed to fetch runtime config data" err="failed to fetch unsafe block signing address from system config: failed to verify retrieved proof against state root: failed to verify account value with key 0xe991d1A48616a1F28d26476F53F103731fEFC990 (path d037aca0722d2493a6ffb2e6aa721cb0946145fd79cbf546bb28d37bc0064b6c) in account trie 0x56e81f171bcc55a6ff8345e692c0f86e5b48e01b996cadc001622fb5e363b421: proof node 0 (hash 56e81f171bcc55a6ff8345e692c0f86e5b48e01b996cadc001622fb5e363b421) missing"
t=2026-09-15T17:14:47+0300 lvl=error msg="failed to fetch runtime config data" err="failed to fetch unsafe block signing address from system config: failed to verify retrieved proof against state root: failed to verify account value with key 0xe991d1A48616a1F28d26476F53F103731fEFC990 (path d037aca0722d2493a6ffb2e6aa721cb0946145fd79cbf546bb28d37bc0064b6c) in account trie 0x56e81f171bcc55a6ff8345e692c0f86e5b48e01b996cadc001622fb5e363b421: proof node 0 (hash 56e81f171bcc55a6ff8345e692c0f86e5b48e01b996cadc001622fb5e363b421) missing"
t=2026-09-15T17:14:47+0300 lvl=error msg="Error initializing the rollup node" err="failed to init the runtime config: failed to load runtime configuration repeatedly, last error: operation failed permanently after 5 attempts: failed to fetch unsafe block signing address from system config: failed to verify retrieved proof against state root: failed to verify account value with key 0xe991d1A48616a1F28d26476F53F103731fEFC990 (path d037aca0722d2493a6ffb2e6aa721cb0946145fd79cbf546bb28d37bc0064b6c) in account trie 0x56e81f171bcc55a6ff8345e692c0f86e5b48e01b996cadc001622fb5e363b421: proof node 0 (hash 56e81f171bcc55a6ff8345e692c0f86e5b48e01b996cadc001622fb5e363b421) missing"
t=2026-09-15T17:14:47+0300 lvl=info msg="stopping node: sequencer already stopped" latestHead=0x0000000000000000000000000000000000000000000000000000000000000000
t=2026-09-15T17:14:47+0300 lvl=crit msg="Application failed" message="failed to setup: unable to create the rollup node: failed to init the runtime config: failed to load runtime configuration repeatedly, last error: operation failed permanently after 5 attempts: failed to fetch unsafe block signing address from system config: failed to verify retrieved proof against state root: failed to verify account value with key 0xe991d1A48616a1F28d26476F53F103731fEFC990 (path d037aca0722d2493a6ffb2e6aa721cb0946145fd79cbf546bb28d37bc0064b6c) in account trie 0x56e81f171bcc55a6ff8345e692c0f86e5b48e01b996cadc001622fb5e363b421: proof node 0 (hash 56e81f171bcc55a6ff8345e692c0f86e5b48e01b996cadc001622fb5e363b421) missing"
mode-a: L2 did not advance (op-node / Engine API)
