   Compiling critical-section v1.2.0
   Compiling libc v0.2.189
   Compiling serde_core v1.0.229
   Compiling portable-atomic v1.15.0
   Compiling subtle v2.6.1
   Compiling libm v0.2.16
   Compiling zeroize v1.9.0
   Compiling arbitrary v1.4.2
   Compiling const-oid v0.9.6
   Compiling zerocopy v0.8.57
   Compiling allocator-api2 v0.2.21
   Compiling generic-array v0.14.7
   Compiling foldhash v0.2.0
   Compiling fnv v1.0.7
   Compiling rand_core v0.10.1
   Compiling pin-project-lite v0.2.17
   Compiling thiserror v2.0.20
   Compiling log v0.4.34
   Compiling once_cell v1.21.4
   Compiling regex-syntax v0.8.11
   Compiling memchr v2.8.3
   Compiling der v0.7.10
   Compiling base16ct v0.2.0
   Compiling fastrand v2.5.0
   Compiling tracing-core v0.1.36
   Compiling bit-vec v0.8.0
   Compiling quick-error v1.2.3
   Compiling getrandom v0.2.17
   Compiling num-traits v0.2.19
   Compiling errno v0.3.14
   Compiling block-buffer v0.10.4
   Compiling getrandom v0.3.4
   Compiling rand_core v0.6.4
   Compiling cpufeatures v0.2.17
   Compiling getrandom v0.4.3
   Compiling wait-timeout v0.2.1
   Compiling bit-set v0.8.0
   Compiling crypto-common v0.1.7
   Compiling ff v0.13.1
   Compiling crypto-bigint v0.5.5
   Compiling unarray v0.1.4
   Compiling digest v0.10.7
   Compiling group v0.13.0
   Compiling tracing v0.1.44
   Compiling derive_more v2.1.1
   Compiling cpufeatures v0.3.1
   Compiling keccak v0.2.2
   Compiling secp256k1-sys v0.11.0
   Compiling scopeguard v1.2.0
   Compiling spki v0.7.3
   Compiling hmac v0.12.1
   Compiling signature v2.2.0
   Compiling sha2 v0.10.9
   Compiling pkcs8 v0.10.2
   Compiling rfc6979 v0.4.0
   Compiling sha3 v0.11.0
   Compiling base64 v0.23.1
   Compiling hex v0.4.3
   Compiling crc-catalog v2.5.0
   Compiling byteorder v1.5.0
   Compiling crc v3.4.0
   Compiling num_cpus v1.17.0
   Compiling secp256k1-sys v0.10.1
   Compiling threadpool v1.8.1
   Compiling aws-lc-sys v0.45.0
   Compiling untrusted v0.7.1
   Compiling signal-hook-registry v1.4.8
   Compiling blst v0.3.17
   Compiling mio v1.2.3
   Compiling socket2 v0.6.5
   Compiling futures-core v0.3.34
   Compiling zstd-sys v2.1.0+zstd.1.5.7
   Compiling slab v0.4.12
   Compiling futures-sink v0.3.34
   Compiling futures-io v0.3.34
   Compiling base64 v0.22.1
   Compiling zerofrom v0.1.8
   Compiling stable_deref_trait v1.2.1
   Compiling yoke v0.8.3
   Compiling percent-encoding v2.3.2
   Compiling serde v1.0.229
   Compiling bitflags v2.13.2
   Compiling hashbrown v0.17.1
   Compiling const-hex v1.19.1
   Compiling serde_json v1.0.151
   Compiling serde_with v3.23.0
   Compiling rustix v1.1.4
   Compiling aws-lc-rs v1.18.1
   Compiling crossbeam-utils v0.8.23
   Compiling zerovec v0.11.8
   Compiling tap v1.0.1
   Compiling wyz v0.5.1
   Compiling bytes v1.12.1
   Compiling rand_core v0.9.5
   Compiling smallvec v1.16.1
   Compiling indexmap v2.14.2
   Compiling arrayvec v0.7.8
   Compiling serdect v0.2.0
   Compiling sec1 v0.7.3
   Compiling rand_xorshift v0.4.0
   Compiling either v1.18.0
   Compiling parking_lot_core v0.9.12
   Compiling lock_api v0.4.14
   Compiling alloy-rlp v0.3.16
   Compiling elliptic-curve v0.13.8
   Compiling itertools v0.14.0
   Compiling c-kzg v2.1.8
   Compiling parking_lot v0.12.5
   Compiling radium v0.7.0
   Compiling ecdsa v0.16.9
   Compiling funty v2.0.0
   Compiling tokio v1.53.1
   Compiling futures-channel v0.3.34
   Compiling tinystr v0.8.4
   Compiling num-integer v0.1.47
   Compiling litemap v0.8.3
   Compiling futures-task v0.3.34
   Compiling ppv-lite86 v0.2.21
   Compiling tempfile v3.27.0
   Compiling writeable v0.6.4
   Compiling futures-util v0.3.34
   Compiling potential_utf v0.1.6
   Compiling rand_chacha v0.9.0
   Compiling rusty-fork v0.3.1
   Compiling k256 v0.13.4
   Compiling rand_chacha v0.3.1
   Compiling bitvec v1.1.1
   Compiling rand v0.9.5
   Compiling rand v0.8.8
   Compiling icu_locale_core v2.3.0
   Compiling zerotrie v0.2.5
   Compiling utf8_iter v1.0.4
   Compiling icu_collections v2.3.0
   Compiling num-bigint v0.4.8
   Compiling proptest v1.11.0
   Compiling secp256k1 v0.31.1
   Compiling secp256k1 v0.30.0
   Compiling icu_provider v2.3.1
   Compiling http v1.5.0
   Compiling nonmax v0.5.5
   Compiling icu_properties_data v2.3.0
   Compiling icu_normalizer_data v2.3.0
   Compiling icu_properties v2.3.0
   Compiling icu_normalizer v2.3.0
   Compiling form_urlencoded v1.2.2
   Compiling static_assertions v1.1.0
   Compiling crossbeam-epoch v0.9.21
   Compiling zstd-safe v7.3.0
   Compiling konst_macro_rules v0.2.19
   Compiling konst v0.2.20
   Compiling zstd v0.13.3
   Compiling const_format v0.2.36
   Compiling byte-slice-cast v1.2.3
   Compiling reth-zstd-compressors v0.5.2
   Compiling modular-bitfield v0.13.1
   Compiling hashbrown v0.14.5
   Compiling parity-scale-codec v3.7.5
   Compiling crossbeam-deque v0.8.8
   Compiling quanta v0.12.6
   Compiling rayon-core v1.13.0
   Compiling ahash v0.8.12
   Compiling ark-std v0.5.0
   Compiling itertools v0.13.0
   Compiling ripemd v0.1.3
   Compiling hashbrown v0.15.5
   Compiling ark-serialize v0.5.0
   Compiling arrayref v0.3.9
   Compiling idna_adapter v1.2.2
   Compiling idna v1.1.0
   Compiling num-rational v0.4.2
   Compiling dashmap v6.2.1
   Compiling rayon v1.12.0
   Compiling num-iter v0.1.46
   Compiling url v2.5.8
   Compiling num-complex v0.4.6
   Compiling primeorder v0.13.6
   Compiling crunchy v0.2.4
   Compiling futures-executor v0.3.34
   Compiling p256 v0.13.2
   Compiling siphasher v1.0.3
   Compiling num_enum v0.7.6
   Compiling dyn-clone v1.0.20
   Compiling num v0.4.3
   Compiling futures v0.3.34
   Compiling keccak v0.1.6
   Compiling strum v0.27.2
   Compiling aurora-engine-modexp v1.2.0
   Compiling curve25519-dalek v4.1.3
   Compiling ipnet v2.12.2
   Compiling phf_shared v0.14.0
   Compiling sha3 v0.10.9
   Compiling phf v0.14.0
   Compiling ed25519 v2.2.3
   Compiling untrusted v0.9.0
   Compiling hash-db v0.15.2
   Compiling httparse v1.10.1
   Compiling ring v0.17.14
   Compiling plain_hasher v0.2.3
   Compiling core-foundation-sys v0.8.7
   Compiling tower-service v0.3.3
   Compiling pin-project v1.1.13
   Compiling rustls-pki-types v1.15.1
   Compiling http-body v1.1.0
   Compiling sync_wrapper v1.0.2
   Compiling hdrhistogram v7.6.0
   Compiling tower-layer v0.3.3
   Compiling time v0.3.55
   Compiling fixed-map v0.9.5
   Compiling rapidhash v4.5.1
   Compiling futures-utils-wasm v0.1.0
   Compiling http-body-util v0.1.5
   Compiling httpdate v1.0.3
   Compiling ark-ff v0.5.0
   Compiling metrics v0.24.6
   Compiling ruint v1.20.0
   Compiling proptest-arbitrary-interop v0.1.0
   Compiling ed25519-dalek v2.2.0
   Compiling try-lock v0.2.5
   Compiling enr v0.13.0
   Compiling atomic-waker v1.1.2
   Compiling want v0.3.1
   Compiling pem v3.0.6
   Compiling core-foundation v0.10.1
   Compiling security-framework-sys v2.17.0
   Compiling tokio-util v0.7.19
   Compiling bytemuck v1.25.2
   Compiling alloy-primitives v1.7.3
   Compiling nybbles v0.4.8
   Compiling security-framework v3.7.0
   Compiling alloc-no-stdlib v2.0.4
   Compiling alloc-stdlib v0.2.4
   Compiling rustls-webpki v0.103.15
   Compiling simd-adler32 v0.3.10
   Compiling brotli-decompressor v5.0.3
   Compiling zstd-safe v8.0.0
   Compiling miniz_oxide v0.9.1
   Compiling tokio-stream v0.1.19
   Compiling tower v0.5.3
   Compiling h2 v0.4.19
   Compiling rustls v0.23.45
   Compiling reth-tokio-util v2.4.0 (https://github.com/op-rs/reth?rev=aef8d3ef92117f91455e16969f0adf5bf7c6e9e1#aef8d3ef)
   Compiling simple_asn1 v0.6.4
   Compiling crc32fast v1.5.2
   Compiling roaring v0.11.5
   Compiling uuid v1.26.1
   Compiling alloy-eip7928 v0.4.10
   Compiling alloy-eip7702 v0.6.3
   Compiling alloy-eip2124 v0.2.0
   Compiling alloy-eip2930 v0.2.4
   Compiling ethereum_serde_utils v0.8.1
   Compiling alloy-serde v2.4.2
   Compiling alloy-trie v0.9.5
   Compiling ethereum_ssz v0.10.4
   Compiling alloy-sol-types v1.7.3
   Compiling revm-primitives v41.0.0
   Compiling alloy-chains v0.2.38
   Compiling revm-bytecode v41.0.0
   Compiling reth-network-peers v2.4.0 (https://github.com/op-rs/reth?rev=aef8d3ef92117f91455e16969f0adf5bf7c6e9e1#aef8d3ef)
   Compiling alloy-eips v2.4.2
   Compiling jsonwebtoken v10.4.0
   Compiling revm-state v41.0.0
   Compiling alloy-hardforks v0.4.8
   Compiling alloy-signer v2.4.2
   Compiling flate2 v1.1.10
   Compiling brotli v8.0.4
   Compiling reth-ethereum-forks v2.4.0 (https://github.com/op-rs/reth?rev=aef8d3ef92117f91455e16969f0adf5bf7c6e9e1#aef8d3ef)
   Compiling zstd v0.14.0
   Compiling compression-core v0.4.33
   Compiling bs58 v0.5.1
   Compiling mime v0.3.17
   Compiling revm-database-interface v41.0.0
   Compiling mime_guess v2.0.5
   Compiling http-range-header v0.4.2
   Compiling ryu v1.0.23
   Compiling thiserror v1.0.69
   Compiling rustc-hex v2.1.0
   Compiling lazy_static v1.5.0
   Compiling revm-context-interface v41.0.0
   Compiling revm-database v41.0.0
   Compiling serde_urlencoded v0.7.1
   Compiling rlp v0.5.2
   Compiling prost v0.14.4
   Compiling slotmap v1.1.1
   Compiling bech32 v0.9.1
   Compiling ark-poly v0.5.0
   Compiling base64 v0.21.7
   Compiling triehash v0.8.4
   Compiling tracing-futures v0.2.5
   Compiling coins-core v0.12.0
   Compiling thread-priority v3.1.1
   Compiling pbkdf2 v0.12.2
   Compiling alloy-json-rpc v2.4.2
   Compiling regex-automata v0.4.18
   Compiling alloy-consensus v2.4.2
   Compiling alloy-genesis v2.4.2
   Compiling ark-ec v0.5.0
   Compiling coins-bip32 v0.12.0
   Compiling sharded-slab v0.1.7
   Compiling tracing-serde v0.2.0
   Compiling tokio-rustls v0.26.5
   Compiling revm-context v41.0.0
   Compiling revm-interpreter v41.0.0
   Compiling hyper v1.11.1
   Compiling rustls-platform-verifier v0.7.0
   Compiling coins-bip39 v0.12.0
   Compiling tracing-log v0.2.0
   Compiling compression-codecs v0.4.42
   Compiling thread_local v1.1.10
   Compiling nu-ansi-term v0.50.3
   Compiling reth-fs-util v2.4.0 (https://github.com/op-rs/reth?rev=aef8d3ef92117f91455e16969f0adf5bf7c6e9e1#aef8d3ef)
   Compiling opentelemetry v0.32.0
   Compiling anstyle v1.0.14
   Compiling async-compression v0.4.47
   Compiling indenter v0.3.4
   Compiling colorchoice v1.0.5
   Compiling eyre v0.6.14
   Compiling crossbeam-channel v0.5.17
   Compiling tower-http v0.6.11
   Compiling matchers v0.2.0
   Compiling data-encoding v2.11.1
   Compiling tracing-subscriber v0.3.23
   Compiling ark-bls12-381 v0.5.0
   Compiling ark-bn254 v0.5.0
   Compiling hyper-util v0.1.20
   Compiling utf8parse v0.2.2
   Compiling anstyle-parse v1.0.0
   Compiling anstyle-query v1.1.5
   Compiling is_terminal_polyfill v1.70.2
   Compiling opentelemetry_sdk v0.32.1
   Compiling anstream v1.0.0
   Compiling prost-types v0.14.4
   Compiling iana-time-zone v0.1.65
   Compiling clap_lex v1.1.1
   Compiling chrono v0.4.45
   Compiling revm-precompile v41.0.0
   Compiling clap_builder v4.6.7
   Compiling alloy-consensus-any v2.4.2
   Compiling alloy-network-primitives v2.4.2
   Compiling reth-codecs v0.5.2
   Compiling alloy-rpc-types-eth v2.4.2
   Compiling alloy-rpc-types-engine v2.4.2
   Compiling revm-handler v41.0.0
   Compiling hyper-rustls v0.27.9
   Compiling hyper-timeout v0.5.2
   Compiling sha1 v0.10.7
   Compiling reqwest v0.13.5
   Compiling tonic v0.14.6
   Compiling memmap2 v0.9.11
   Compiling tracing-opentelemetry v0.33.0
   Compiling objc2-core-foundation v0.3.2
   Compiling revm-inspector v41.0.0
   Compiling revm v41.0.0
   Compiling mach2 v0.5.0
   Compiling opentelemetry-semantic-conventions v0.32.1
   Compiling symlink v0.1.0
   Compiling tracing-appender v0.2.5
   Compiling objc2-io-kit v0.3.2
   Compiling reth-mdbx-sys v2.4.0 (https://github.com/op-rs/reth?rev=aef8d3ef92117f91455e16969f0adf5bf7c6e9e1#aef8d3ef)
   Compiling reth-prune-types v2.4.0 (https://github.com/op-rs/reth?rev=aef8d3ef92117f91455e16969f0adf5bf7c6e9e1#aef8d3ef)
   Compiling clap v4.6.7
   Compiling tracing-samply v0.1.5
   Compiling libz-sys v1.1.29
   Compiling rolling-file v0.2.0
   Compiling tracing-journald v0.3.2
   Compiling tracing-logfmt v0.3.7
   Compiling tracing-chrome v0.7.2
   Compiling bzip2-sys v0.1.13+1.0.8
   Compiling lz4-sys v1.11.1+lz4-1.10.0
   Compiling crossbeam-queue v0.3.14
   Compiling bincode v1.3.3
   Compiling lz4_flex v0.12.2
   Compiling same-file v1.0.6
   Compiling reth-libmdbx v2.4.0 (https://github.com/op-rs/reth?rev=aef8d3ef92117f91455e16969f0adf5bf7c6e9e1#aef8d3ef)
   Compiling walkdir v2.5.0
   Compiling librocksdb-sys v0.17.3+10.4.2
   Compiling tonic-prost v0.14.6
   Compiling tonic-types v0.14.6
   Compiling opentelemetry-proto v0.32.0
   Compiling reth-nippy-jar v2.4.0 (https://github.com/op-rs/reth?rev=aef8d3ef92117f91455e16969f0adf5bf7c6e9e1#aef8d3ef)
   Compiling sysinfo v0.38.4
   Compiling notify-types v2.1.0
   Compiling page_size v0.6.0
   Compiling fsevent-sys v4.1.0
   Compiling opentelemetry-http v0.32.0
   Compiling notify v8.2.0
   Compiling rocksdb v0.24.0
   Compiling reth-net-banlist v2.4.0 (https://github.com/op-rs/reth?rev=aef8d3ef92117f91455e16969f0adf5bf7c6e9e1#aef8d3ef)
   Compiling reth-primitives-traits v0.5.2
   Compiling alloy-evm v0.37.1
   Compiling alloy-rpc-types-any v2.4.2
   Compiling alloy-network v2.4.2
   Compiling jsonrpsee-types v0.26.0
   Compiling humantime v2.4.0
   Compiling futures-timer v3.0.4
   Compiling humantime-serde v1.1.1
   Compiling rand_xoshiro v0.7.0
   Compiling alloy-rpc-types-debug v2.4.2
   Compiling reth-network-types v2.4.0 (https://github.com/op-rs/reth?rev=aef8d3ef92117f91455e16969f0adf5bf7c6e9e1#aef8d3ef)
   Compiling inout v0.1.4
   Compiling opentelemetry-otlp v0.32.0
   Compiling jsonrpsee-core v0.26.0
   Compiling hashbrown v0.13.2
   Compiling winnow v1.0.4
   Compiling cipher v0.4.4
   Compiling alloy-signer-local v2.4.2
   Compiling reth-trie-common v2.4.0 (https://github.com/op-rs/reth?rev=aef8d3ef92117f91455e16969f0adf5bf7c6e9e1#aef8d3ef)
   Compiling reth-ethereum-primitives v2.4.0 (https://github.com/op-rs/reth?rev=aef8d3ef92117f91455e16969f0adf5bf7c6e9e1#aef8d3ef)
   Compiling reth-metrics v2.4.0 (https://github.com/op-rs/reth?rev=aef8d3ef92117f91455e16969f0adf5bf7c6e9e1#aef8d3ef)
   Compiling reth-db-models v2.4.0 (https://github.com/op-rs/reth?rev=aef8d3ef92117f91455e16969f0adf5bf7c6e9e1#aef8d3ef)
   Compiling schnellru v0.2.4
   Compiling safe_arch v0.7.4
   Compiling wide v0.7.33
   Compiling reth-rpc-traits v0.5.2
   Compiling reth-tasks v2.4.0 (https://github.com/op-rs/reth?rev=aef8d3ef92117f91455e16969f0adf5bf7c6e9e1#aef8d3ef)
   Compiling alloy-transport v2.4.2
   Compiling hashbrown v0.16.1
   Compiling reth-chainspec v2.4.0 (https://github.com/op-rs/reth?rev=aef8d3ef92117f91455e16969f0adf5bf7c6e9e1#aef8d3ef)
   Compiling archery v1.2.3
   Compiling imbl-sized-chunks v0.2.0
   Compiling aes v0.8.4
   Compiling reth-tracing-otlp v2.4.0 (https://github.com/op-rs/reth?rev=aef8d3ef92117f91455e16969f0adf5bf7c6e9e1#aef8d3ef)
   Compiling ctr v0.9.2
   Compiling webpki-roots v1.0.9
   Compiling reth-tracing v2.4.0 (https://github.com/op-rs/reth?rev=aef8d3ef92117f91455e16969f0adf5bf7c6e9e1#aef8d3ef)
   Compiling universal-hash v0.5.1
   Compiling unsigned-varint v0.8.0
   Compiling opaque-debug v0.3.1
   Compiling bimap v0.6.3
   Compiling const-str v0.4.3
   Compiling polyval v0.6.2
   Compiling interprocess v2.4.4
   Compiling multihash v0.19.5
   Compiling webpki-roots v0.26.11
   Compiling alloy-pubsub v2.4.2
   Compiling toml_parser v1.1.3+spec-1.1.0
   Compiling reth-eth-wire-types v2.4.0 (https://github.com/op-rs/reth?rev=aef8d3ef92117f91455e16969f0adf5bf7c6e9e1#aef8d3ef)
   Compiling base256emoji v1.0.2
   Compiling typeid v1.0.3
   Compiling data-encoding-macro v0.1.21
   Compiling tungstenite v0.29.0
   Compiling serde_spanned v1.1.1
   Compiling toml_datetime v0.7.5+spec-1.1.0
   Compiling hkdf v0.12.4
   Compiling chacha20 v0.10.2
   Compiling base45 v3.2.0
   Compiling base-x v0.2.11
   Compiling asn1_der v0.7.7
   Compiling toml_writer v1.1.2+spec-1.1.0
   Compiling rand v0.10.2
   Compiling multibase v0.9.3
   Compiling imbl v7.0.2
   Compiling toml v0.9.12+spec-1.1.0
   Compiling fixed-cache v0.1.10
   Compiling libp2p-identity v0.2.14
   Compiling ghash v0.5.1
   Compiling snap v1.1.2
   Compiling alloy-rpc-types-admin v2.4.2
   Compiling reth-stages-types v2.4.0 (https://github.com/op-rs/reth?rev=aef8d3ef92117f91455e16969f0adf5bf7c6e9e1#aef8d3ef)
   Compiling reth-execution-types v2.4.0 (https://github.com/op-rs/reth?rev=aef8d3ef92117f91455e16969f0adf5bf7c6e9e1#aef8d3ef)
   Compiling tokio-tungstenite v0.29.0
   Compiling prefix-trie v0.8.4
   Compiling aead v0.5.2
   Compiling tinyvec v1.13.3
   Compiling aes-gcm v0.10.3
   Compiling alloy-transport-ws v2.4.2
   Compiling multiaddr v0.18.2
   Compiling alloy-transport-ipc v2.4.2
   Compiling system-configuration-sys v0.6.0
   Compiling hashlink v0.11.1
   Compiling reth-static-file-types v2.4.0 (https://github.com/op-rs/reth?rev=aef8d3ef92117f91455e16969f0adf5bf7c6e9e1#aef8d3ef)
   Compiling reth-consensus v2.4.0 (https://github.com/op-rs/reth?rev=aef8d3ef92117f91455e16969f0adf5bf7c6e9e1#aef8d3ef)
   Compiling hickory-proto v0.26.3
   Compiling alloy-transport-http v2.4.2
   Compiling alloy-rpc-types v2.4.2
   Compiling alloy-rpc-types-trace v2.4.2
   Compiling delay_map v0.4.1
   Compiling core-foundation v0.9.4
   Compiling uint v0.10.1
   Compiling tagptr v0.2.0
   Compiling more-asserts v0.3.1
   Compiling concat-kdf v0.1.0
   Compiling if-addrs v0.14.0
   Compiling discv5 v0.10.4 (https://github.com/sigp/discv5?rev=7663c00#7663c00e)
   Compiling resolv-conf v0.7.6
   Compiling linked-hash-map v0.5.6
   Compiling moka v0.12.16
   Compiling reth-storage-errors v2.4.0 (https://github.com/op-rs/reth?rev=aef8d3ef92117f91455e16969f0adf5bf7c6e9e1#aef8d3ef)
   Compiling reth-config v2.4.0 (https://github.com/op-rs/reth?rev=aef8d3ef92117f91455e16969f0adf5bf7c6e9e1#aef8d3ef)
   Compiling reth-net-nat v2.4.0 (https://github.com/op-rs/reth?rev=aef8d3ef92117f91455e16969f0adf5bf7c6e9e1#aef8d3ef)
   Compiling alloy-rpc-client v2.4.2
   Compiling linked_hash_set v0.1.6
   Compiling reth-ecies v2.4.0 (https://github.com/op-rs/reth?rev=aef8d3ef92117f91455e16969f0adf5bf7c6e9e1#aef8d3ef)
   Compiling system-configuration v0.7.0
   Compiling dirs-sys-next v0.1.2
   Compiling reth-execution-errors v2.4.0 (https://github.com/op-rs/reth?rev=aef8d3ef92117f91455e16969f0adf5bf7c6e9e1#aef8d3ef)
   Compiling reth-db-api v2.4.0 (https://github.com/op-rs/reth?rev=aef8d3ef92117f91455e16969f0adf5bf7c6e9e1#aef8d3ef)
   Compiling reth-network-p2p v2.4.0 (https://github.com/op-rs/reth?rev=aef8d3ef92117f91455e16969f0adf5bf7c6e9e1#aef8d3ef)
   Compiling dirs-next v2.0.0
   Compiling reth-trie-sparse v2.4.0 (https://github.com/op-rs/reth?rev=aef8d3ef92117f91455e16969f0adf5bf7c6e9e1#aef8d3ef)
   Compiling reth-errors v2.4.0 (https://github.com/op-rs/reth?rev=aef8d3ef92117f91455e16969f0adf5bf7c6e9e1#aef8d3ef)
   Compiling reth-payload-primitives v2.4.0 (https://github.com/op-rs/reth?rev=aef8d3ef92117f91455e16969f0adf5bf7c6e9e1#aef8d3ef)
   Compiling reth-eth-wire v2.4.0 (https://github.com/op-rs/reth?rev=aef8d3ef92117f91455e16969f0adf5bf7c6e9e1#aef8d3ef)
   Compiling reth-cli-util v2.4.0 (https://github.com/op-rs/reth?rev=aef8d3ef92117f91455e16969f0adf5bf7c6e9e1#aef8d3ef)
   Compiling soketto v0.8.1
   Compiling reth-payload-builder-primitives v2.4.0 (https://github.com/op-rs/reth?rev=aef8d3ef92117f91455e16969f0adf5bf7c6e9e1#aef8d3ef)
   Compiling reth-storage-api v2.4.0 (https://github.com/op-rs/reth?rev=aef8d3ef92117f91455e16969f0adf5bf7c6e9e1#aef8d3ef)
   Compiling reth-db v2.4.0 (https://github.com/op-rs/reth?rev=aef8d3ef92117f91455e16969f0adf5bf7c6e9e1#aef8d3ef)
   Compiling reth-network-api v2.4.0 (https://github.com/op-rs/reth?rev=aef8d3ef92117f91455e16969f0adf5bf7c6e9e1#aef8d3ef)
   Compiling rustls-platform-verifier v0.5.3
   Compiling route-recognizer v0.3.1
   Compiling ethereum_hashing v0.8.0
   Compiling jsonrpsee-wasm-client v0.26.0
   Compiling tree_hash v0.12.1
   Compiling reth-rpc-server-types v2.4.0 (https://github.com/op-rs/reth?rev=aef8d3ef92117f91455e16969f0adf5bf7c6e9e1#aef8d3ef)
   Compiling jsonrpsee-server v0.26.0
   Compiling alloy-sol-type-parser v1.7.3
   Compiling jsonrpsee-http-client v0.26.0
   Compiling reth-trie v2.4.0 (https://github.com/op-rs/reth?rev=aef8d3ef92117f91455e16969f0adf5bf7c6e9e1#aef8d3ef)
   Compiling reth-evm v2.4.0 (https://github.com/op-rs/reth?rev=aef8d3ef92117f91455e16969f0adf5bf7c6e9e1#aef8d3ef)
   Compiling jsonrpsee-client-transport v0.26.0
   Compiling revm-inspectors v0.41.4
   Compiling alloy-rpc-types-beacon v2.4.2
   Compiling alloy-json-abi v1.7.3
   Compiling jsonrpsee-ws-client v0.26.0
   Compiling op-alloy-consensus v2.0.0 (/tmp/optimism-op-node/rust/op-alloy/crates/consensus)
   Compiling reth-evm-ethereum v2.4.0 (https://github.com/op-rs/reth?rev=aef8d3ef92117f91455e16969f0adf5bf7c6e9e1#aef8d3ef)
   Compiling reth-rpc-convert v2.4.0 (https://github.com/op-rs/reth?rev=aef8d3ef92117f91455e16969f0adf5bf7c6e9e1#aef8d3ef)
   Compiling alloy-rpc-types-mev v2.4.2
   Compiling jsonrpsee v0.26.0
   Compiling reth-consensus-common v2.4.0 (https://github.com/op-rs/reth?rev=aef8d3ef92117f91455e16969f0adf5bf7c6e9e1#aef8d3ef)
   Compiling rmp v0.8.15
   Compiling reth-etl v2.4.0 (https://github.com/op-rs/reth?rev=aef8d3ef92117f91455e16969f0adf5bf7c6e9e1#aef8d3ef)
   Compiling hickory-net v0.26.3
   Compiling reth-testing-utils v2.4.0 (https://github.com/op-rs/reth?rev=aef8d3ef92117f91455e16969f0adf5bf7c6e9e1#aef8d3ef)
   Compiling alloy-dyn-abi v1.7.3
   Compiling rmp-serde v1.3.1
   Compiling alloy-rpc-types-txpool v2.4.2
   Compiling alloy-rpc-types-anvil v2.4.2
   Compiling alloy-op-hardforks v0.5.0 (/tmp/optimism-op-node/rust/alloy-op-hardforks)
   Compiling reth-discv5 v2.4.0 (https://github.com/op-rs/reth?rev=aef8d3ef92117f91455e16969f0adf5bf7c6e9e1#aef8d3ef)
   Compiling reth-discv4 v2.4.0 (https://github.com/op-rs/reth?rev=aef8d3ef92117f91455e16969f0adf5bf7c6e9e1#aef8d3ef)
   Compiling async-stream v0.3.6
   Compiling lru v0.18.4
   Compiling utf-8 v0.7.6
   Compiling hickory-resolver v0.26.3
   Compiling alloy-provider v2.4.2
   Compiling tungstenite v0.28.0
   Compiling reth-optimism-forks v1.11.3 (/tmp/optimism-op-node/rust/op-reth/crates/hardforks)
   Compiling reth-chain-state v2.4.0 (https://github.com/op-rs/reth?rev=aef8d3ef92117f91455e16969f0adf5bf7c6e9e1#aef8d3ef)
   Compiling reth-trie-db v2.4.0 (https://github.com/op-rs/reth?rev=aef8d3ef92117f91455e16969f0adf5bf7c6e9e1#aef8d3ef)
   Compiling reth-revm v2.4.0 (https://github.com/op-rs/reth?rev=aef8d3ef92117f91455e16969f0adf5bf7c6e9e1#aef8d3ef)
   Compiling op-alloy-rpc-types v2.0.0 (/tmp/optimism-op-node/rust/op-alloy/crates/rpc-types)
   Compiling reth-optimism-primitives v1.11.3 (/tmp/optimism-op-node/rust/op-reth/crates/primitives)
   Compiling rustls-native-certs v0.8.4
   Compiling left-right v0.11.8
   Compiling sketches-ddsketch v0.3.1
   Compiling hashbag v0.1.13
   Compiling tokio-tungstenite v0.28.0
   Compiling metrics-util v0.20.4
   Compiling op-revm v20.0.0 (/tmp/optimism-op-node/rust/op-revm)
   Compiling evmap v11.0.0
   Compiling libproc v0.14.11
   Compiling reth-engine-primitives v2.4.0 (https://github.com/op-rs/reth?rev=aef8d3ef92117f91455e16969f0adf5bf7c6e9e1#aef8d3ef)
   Compiling reth-transaction-pool v2.4.0 (https://github.com/op-rs/reth?rev=aef8d3ef92117f91455e16969f0adf5bf7c6e9e1#aef8d3ef)
   Compiling reth-exex-types v2.4.0 (https://github.com/op-rs/reth?rev=aef8d3ef92117f91455e16969f0adf5bf7c6e9e1#aef8d3ef)
   Compiling rlimit v0.11.0
   Compiling reth-payload-validator v2.4.0 (https://github.com/op-rs/reth?rev=aef8d3ef92117f91455e16969f0adf5bf7c6e9e1#aef8d3ef)
   Compiling op-alloy v2.0.0 (/tmp/optimism-op-node/rust/op-alloy/crates/op-alloy)
   Compiling reth-optimism-chainspec v1.11.3 (/tmp/optimism-op-node/rust/op-reth/crates/chainspec)
   Compiling yansi v1.0.1
   Compiling reth-ethereum-engine-primitives v2.4.0 (https://github.com/op-rs/reth?rev=aef8d3ef92117f91455e16969f0adf5bf7c6e9e1#aef8d3ef)
   Compiling reth-node-types v2.4.0 (https://github.com/op-rs/reth?rev=aef8d3ef92117f91455e16969f0adf5bf7c6e9e1#aef8d3ef)
   Compiling diff v0.1.13
   Compiling debug-helper v0.3.14
   Compiling mach2 v0.6.0
   Compiling ringbuffer v0.16.0
   Compiling pretty_assertions v1.4.1
   Compiling reth-dns-discovery v2.4.0 (https://github.com/op-rs/reth?rev=aef8d3ef92117f91455e16969f0adf5bf7c6e9e1#aef8d3ef)
   Compiling boyer-moore-magiclen v0.2.24
   Compiling alloy-op-evm v0.32.0 (/tmp/optimism-op-node/rust/alloy-op-evm)
   Compiling metrics-exporter-prometheus v0.18.3
   Compiling reth-provider v2.4.0 (https://github.com/op-rs/reth?rev=aef8d3ef92117f91455e16969f0adf5bf7c6e9e1#aef8d3ef)
   Compiling reth-optimism-consensus v1.11.3 (/tmp/optimism-op-node/rust/op-reth/crates/consensus)
   Compiling op-alloy-rpc-types-engine v2.0.0 (/tmp/optimism-op-node/rust/op-alloy/crates/rpc-types-engine)
   Compiling metrics-process v2.4.3
   Compiling tiny-keccak v2.0.2
   Compiling reth-ipc v2.4.0 (https://github.com/op-rs/reth?rev=aef8d3ef92117f91455e16969f0adf5bf7c6e9e1#aef8d3ef)
   Compiling reth-rpc-layer v2.4.0 (https://github.com/op-rs/reth?rev=aef8d3ef92117f91455e16969f0adf5bf7c6e9e1#aef8d3ef)
   Compiling reth-node-metrics v2.4.0 (https://github.com/op-rs/reth?rev=aef8d3ef92117f91455e16969f0adf5bf7c6e9e1#aef8d3ef)
   Compiling alloy-primitives v0.8.26
   Compiling fdlimit v0.3.0
   Compiling op-alloy-flz v0.13.1
   Compiling unty v0.0.4
   Compiling bincode v2.0.1
   Compiling reth-ethereum-consensus v2.4.0 (https://github.com/op-rs/reth?rev=aef8d3ef92117f91455e16969f0adf5bf7c6e9e1#aef8d3ef)
   Compiling op-alloy-rpc-jsonrpsee v2.0.0 (/tmp/optimism-op-node/rust/op-alloy/crates/rpc-jsonrpsee)
   Compiling reth-optimism-storage v1.11.3 (/tmp/optimism-op-node/rust/op-reth/crates/storage)
   Compiling quub-primitives v0.1.0 (/Users/nrahal/@code/quub/quub.network/crates/quub-primitives)
   Compiling alloy-sol-types v0.8.26
   Compiling quub-policy v0.1.0 (/Users/nrahal/@code/quub/quub.network/services/quub-policy)
   Compiling reth-era v2.4.0 (https://github.com/op-rs/reth?rev=aef8d3ef92117f91455e16969f0adf5bf7c6e9e1#aef8d3ef)
   Compiling reth-era-downloader v2.4.0 (https://github.com/op-rs/reth?rev=aef8d3ef92117f91455e16969f0adf5bf7c6e9e1#aef8d3ef)
   Compiling reth-rpc-eth-types v2.4.0 (https://github.com/op-rs/reth?rev=aef8d3ef92117f91455e16969f0adf5bf7c6e9e1#aef8d3ef)
   Compiling reth-network v2.4.0 (https://github.com/op-rs/reth?rev=aef8d3ef92117f91455e16969f0adf5bf7c6e9e1#aef8d3ef)
   Compiling reth-node-ethstats v2.4.0 (https://github.com/op-rs/reth?rev=aef8d3ef92117f91455e16969f0adf5bf7c6e9e1#aef8d3ef)
   Compiling reth-payload-util v2.4.0 (https://github.com/op-rs/reth?rev=aef8d3ef92117f91455e16969f0adf5bf7c6e9e1#aef8d3ef)
   Compiling op-alloy-network v2.0.0 (/tmp/optimism-op-node/rust/op-alloy/crates/network)
   Compiling reth-execution-cache v2.4.0 (https://github.com/op-rs/reth?rev=aef8d3ef92117f91455e16969f0adf5bf7c6e9e1#aef8d3ef)
   Compiling reth-trie-parallel v2.4.0 (https://github.com/op-rs/reth?rev=aef8d3ef92117f91455e16969f0adf5bf7c6e9e1#aef8d3ef)
   Compiling reth-prune v2.4.0 (https://github.com/op-rs/reth?rev=aef8d3ef92117f91455e16969f0adf5bf7c6e9e1#aef8d3ef)
   Compiling reth-static-file v2.4.0 (https://github.com/op-rs/reth?rev=aef8d3ef92117f91455e16969f0adf5bf7c6e9e1#aef8d3ef)
   Compiling reth-era-utils v2.4.0 (https://github.com/op-rs/reth?rev=aef8d3ef92117f91455e16969f0adf5bf7c6e9e1#aef8d3ef)
   Compiling reth-downloaders v2.4.0 (https://github.com/op-rs/reth?rev=aef8d3ef92117f91455e16969f0adf5bf7c6e9e1#aef8d3ef)
   Compiling reth-db-common v2.4.0 (https://github.com/op-rs/reth?rev=aef8d3ef92117f91455e16969f0adf5bf7c6e9e1#aef8d3ef)
   Compiling reth-optimism-trie v1.11.3 (/tmp/optimism-op-node/rust/op-reth/crates/trie)
   Compiling reth-payload-builder v2.4.0 (https://github.com/op-rs/reth?rev=aef8d3ef92117f91455e16969f0adf5bf7c6e9e1#aef8d3ef)
   Compiling reth-stages-api v2.4.0 (https://github.com/op-rs/reth?rev=aef8d3ef92117f91455e16969f0adf5bf7c6e9e1#aef8d3ef)
   Compiling reth-engine-local v2.4.0 (https://github.com/op-rs/reth?rev=aef8d3ef92117f91455e16969f0adf5bf7c6e9e1#aef8d3ef)
   Compiling reth-basic-payload-builder v2.4.0 (https://github.com/op-rs/reth?rev=aef8d3ef92117f91455e16969f0adf5bf7c6e9e1#aef8d3ef)
   Compiling quub-iso v0.1.0 (/Users/nrahal/@code/quub/quub.network/services/quub-iso)
   Compiling reth-node-core v2.4.0 (https://github.com/op-rs/reth?rev=aef8d3ef92117f91455e16969f0adf5bf7c6e9e1#aef8d3ef)
   Compiling quub-precompiles v0.1.0 (/Users/nrahal/@code/quub/quub.network/crates/quub-precompiles)
   Compiling reth-ethereum-payload-builder v2.4.0 (https://github.com/op-rs/reth?rev=aef8d3ef92117f91455e16969f0adf5bf7c6e9e1#aef8d3ef)
   Compiling reth-node-api v2.4.0 (https://github.com/op-rs/reth?rev=aef8d3ef92117f91455e16969f0adf5bf7c6e9e1#aef8d3ef)
   Compiling reth-rpc-eth-api v2.4.0 (https://github.com/op-rs/reth?rev=aef8d3ef92117f91455e16969f0adf5bf7c6e9e1#aef8d3ef)
   Compiling reth-exex v2.4.0 (https://github.com/op-rs/reth?rev=aef8d3ef92117f91455e16969f0adf5bf7c6e9e1#aef8d3ef)
   Compiling reth-consensus-debug-client v2.4.0 (https://github.com/op-rs/reth?rev=aef8d3ef92117f91455e16969f0adf5bf7c6e9e1#aef8d3ef)
   Compiling reth-stages v2.4.0 (https://github.com/op-rs/reth?rev=aef8d3ef92117f91455e16969f0adf5bf7c6e9e1#aef8d3ef)
   Compiling reth-optimism-exex v1.11.3 (/tmp/optimism-op-node/rust/op-reth/crates/exex)
   Compiling reth-engine-tree v2.4.0 (https://github.com/op-rs/reth?rev=aef8d3ef92117f91455e16969f0adf5bf7c6e9e1#aef8d3ef)
   Compiling reth-node-events v2.4.0 (https://github.com/op-rs/reth?rev=aef8d3ef92117f91455e16969f0adf5bf7c6e9e1#aef8d3ef)
   Compiling reth-rpc-api v2.4.0 (https://github.com/op-rs/reth?rev=aef8d3ef92117f91455e16969f0adf5bf7c6e9e1#aef8d3ef)
   Compiling reth-optimism-evm v1.11.3 (/tmp/optimism-op-node/rust/op-reth/crates/evm)
   Compiling reth-optimism-txpool v1.11.3 (/tmp/optimism-op-node/rust/op-reth/crates/txpool)
   Compiling reth-optimism-post-exec-replay v1.11.3 (/tmp/optimism-op-node/rust/op-reth/crates/post-exec-replay)
   Compiling reth-optimism-payload-builder v1.11.3 (/tmp/optimism-op-node/rust/op-reth/crates/payload)
   Compiling reth-engine-util v2.4.0 (https://github.com/op-rs/reth?rev=aef8d3ef92117f91455e16969f0adf5bf7c6e9e1#aef8d3ef)
   Compiling reth-optimism-flashblocks v1.11.3 (/tmp/optimism-op-node/rust/op-reth/crates/flashblocks)
   Compiling reth-rpc-engine-api v2.4.0 (https://github.com/op-rs/reth?rev=aef8d3ef92117f91455e16969f0adf5bf7c6e9e1#aef8d3ef)
   Compiling reth-invalid-block-hooks v2.4.0 (https://github.com/op-rs/reth?rev=aef8d3ef92117f91455e16969f0adf5bf7c6e9e1#aef8d3ef)
   Compiling reth-rpc v2.4.0 (https://github.com/op-rs/reth?rev=aef8d3ef92117f91455e16969f0adf5bf7c6e9e1#aef8d3ef)
   Compiling reth-rpc-builder v2.4.0 (https://github.com/op-rs/reth?rev=aef8d3ef92117f91455e16969f0adf5bf7c6e9e1#aef8d3ef)
   Compiling reth-node-builder v2.4.0 (https://github.com/op-rs/reth?rev=aef8d3ef92117f91455e16969f0adf5bf7c6e9e1#aef8d3ef)
   Compiling reth-node-ethereum v2.4.0 (https://github.com/op-rs/reth?rev=aef8d3ef92117f91455e16969f0adf5bf7c6e9e1#aef8d3ef)
   Compiling reth-optimism-rpc v1.11.3 (/tmp/optimism-op-node/rust/op-reth/crates/rpc)
   Compiling reth-ethereum v2.4.0 (https://github.com/op-rs/reth?rev=aef8d3ef92117f91455e16969f0adf5bf7c6e9e1#aef8d3ef)
   Compiling quub-evm v0.1.0 (/Users/nrahal/@code/quub/quub.network/crates/quub-evm)
   Compiling reth-optimism-node v1.11.3 (/tmp/optimism-op-node/rust/op-reth/crates/node)
   Compiling quub-consensus-op v0.1.0 (/Users/nrahal/@code/quub/quub.network/crates/quub-consensus-op)
   Compiling quub-node v0.1.0 (/Users/nrahal/@code/quub/quub.network/crates/quub-node)
    Finished `dev` profile [unoptimized] target(s) in 2m 48s
