Copying configs from superchain-registry submodule...
Using /var/folders/7l/m5773cts49s8kppggrw1pcqr0000gn/T/tmp.c4hCrwmn74 as workdir...
Generating index of configs...
Processing chains in mainnet superchain...
Processing configs/mainnet/automata.toml...
Processing configs/mainnet/bob.toml...
Processing configs/mainnet/boba.toml...
Skipping mainnet/boba (288)
Processing configs/mainnet/celo.toml...
Skipping mainnet/celo (42220)
Processing configs/mainnet/cyber.toml...
Processing configs/mainnet/ethernity.toml...
Processing configs/mainnet/fraxtal.toml...
Processing configs/mainnet/funki.toml...
Processing configs/mainnet/hashkeychain.toml...
Processing configs/mainnet/ink.toml...
Processing configs/mainnet/lisk.toml...
Processing configs/mainnet/lyra.toml...
Processing configs/mainnet/metal.toml...
Processing configs/mainnet/mint.toml...
Processing configs/mainnet/mode.toml...
Processing configs/mainnet/op.toml...
Processing configs/mainnet/orderly.toml...
Processing configs/mainnet/polynomial.toml...
Processing configs/mainnet/race.toml...
Processing configs/mainnet/redstone.toml...
Processing configs/mainnet/settlus-mainnet.toml...
Processing configs/mainnet/shape.toml...
Processing configs/mainnet/silent-data-mainnet.toml...
Processing configs/mainnet/soneium.toml...
Processing configs/mainnet/sseed.toml...
Processing configs/mainnet/swan.toml...
Processing configs/mainnet/tbn.toml...
Processing configs/mainnet/unichain.toml...
Processing configs/mainnet/worldchain.toml...
Processing configs/mainnet/xterio-eth.toml...
Processing configs/mainnet/zora.toml...
Processing chains in sepolia superchain...
Processing configs/sepolia/boba.toml...
Skipping sepolia/boba (28882)
Processing configs/sepolia/camp.toml...
Processing configs/sepolia/celo-sep.toml...
Processing configs/sepolia/cyber.toml...
Processing configs/sepolia/funki.toml...
Processing configs/sepolia/ink.toml...
Processing configs/sepolia/lisk.toml...
Processing configs/sepolia/metal.toml...
Processing configs/sepolia/mode.toml...
Processing configs/sepolia/op.toml...
Processing configs/sepolia/ozean.toml...
Processing configs/sepolia/pivotal.toml...
Processing configs/sepolia/race.toml...
Processing configs/sepolia/radius_testnet.toml...
Processing configs/sepolia/settlus-sepolia.toml...
Processing configs/sepolia/shape.toml...
Processing configs/sepolia/soneium-minato.toml...
Processing configs/sepolia/tbn.toml...
Processing configs/sepolia/unichain.toml...
Processing configs/sepolia/worldchain.toml...
Processing configs/sepolia/zora.toml...
Processing chains in sepolia-devnet-2 superchain...
Processing configs/sepolia-devnet-2/sepolia-devnet-2.toml...
Processing chains in sepolia-devnet-3 superchain...
Processing configs/sepolia-devnet-3/sepolia-devnet-3.toml...
Archiving configs...
[sync-superchain] built /tmp/optimism-op-node/op-core/superchain/superchain-configs.zip from /tmp/superchain-registry
Cleaning up...
Done.
