    Finished `dev` profile [unoptimized] target(s) in 1.24s
     Running `target/debug/quub-node`
quub-node: http=127.0.0.1:8545 chain=8091 mode=--dev
quub-node: datadir=/Users/nrahal/Library/Application Support/reth/8091 (ephemeral --dev; wiped on exit)
quub-node: rpc http listening on 127.0.0.1:8545
chain-id: 8091
=== datadir ===
ephemeral NodeConfig::test() datadir (see quub-node stderr); receipts do not survive restart
=== contract addresses ===
F201 (policy precompile):  0x000000000000000000000000000000000000F201
F202 (iso memo precompile): 0x000000000000000000000000000000000000F202
F203 (paymaster precompile): 0x000000000000000000000000000000000000F203
F210 PaymentToken:         0x000000000000000000000000000000000000F210
F211 PolicyAdmin:          0x000000000000000000000000000000000000F211
F212 EvidenceAnchor:       0x000000000000000000000000000000000000F212
F213 PaymasterEntry:       0x000000000000000000000000000000000000F213
cast code 0x000000000000000000000000000000000000F210: 5476 hex chars; codesize=2737
cast code 0x000000000000000000000000000000000000F211: 8026 hex chars; codesize=4012
cast code 0x000000000000000000000000000000000000F212: 1136 hex chars; codesize=567
cast code 0x000000000000000000000000000000000000F213: 2550 hex chars; codesize=1274
F213 codesize: 1274
dev balanceOf: 1000000000000 [1e12]

blockHash            0x66c3f11a68731ce553d5148c6e693257733e506a856d6663d509ffd05f27f6f8
blockNumber          1
contractAddress      
cumulativeGasUsed    146556
effectiveGasPrice    1000000000
from                 0xf39Fd6e51aad88F6F4ce6aB8827279cffFb92266
gasUsed              146556
logs                 [{"address":"0x000000000000000000000000000000000000f210","topics":["0xddf252ad1be2c89b69c2b068fc378daa952ba7f163c4a11628f55a4df523b3ef","0x000000000000000000000000f39fd6e51aad88f6f4ce6ab8827279cfffb92266","0x00000000000000000000000070997970c51812dc3a010c7d01b50e0d17dc79c8"],"data":"0x00000000000000000000000000000000000000000000000000000000000f4240","blockHash":"0x66c3f11a68731ce553d5148c6e693257733e506a856d6663d509ffd05f27f6f8","blockNumber":"0x1","blockTimestamp":"0x6aa93f99","transactionHash":"0xa3cf19db17b61eec6063de90e3af8034d2fa1f1e468de3a784d8c31c1d880638","transactionIndex":"0x0","logIndex":"0x0","removed":false},{"address":"0x000000000000000000000000000000000000f210","topics":["0x0a0c8f33db7c30c7e65a63000c059ab3e9692ffc773bc2085912d507875c93a9","0x4e907bc6549aa732ebfd607dd5fa67ab7e765f3ee06e9a425d9e931a23e780aa"],"data":"0x0000000000000000000000000000000000000000000000000000000000000000","blockHash":"0x66c3f11a68731ce553d5148c6e693257733e506a856d6663d509ffd05f27f6f8","blockNumber":"0x1","blockTimestamp":"0x6aa93f99","transactionHash":"0xa3cf19db17b61eec6063de90e3af8034d2fa1f1e468de3a784d8c31c1d880638","transactionIndex":"0x0","logIndex":"0x1","removed":false},{"address":"0x000000000000000000000000000000000000f212","topics":["0x0452dbfc1921f94fd9e8275f67926322880663befdb4ab2a55f104e4655a815c","0x4444444444444444444444444444444444444444444444444444444444444444","0x4e907bc6549aa732ebfd607dd5fa67ab7e765f3ee06e9a425d9e931a23e780aa","0x000000000000000000000000000000000000000000000000000000000000f210"],"data":"0x","blockHash":"0x66c3f11a68731ce553d5148c6e693257733e506a856d6663d509ffd05f27f6f8","blockNumber":"0x1","blockTimestamp":"0x6aa93f99","transactionHash":"0xa3cf19db17b61eec6063de90e3af8034d2fa1f1e468de3a784d8c31c1d880638","transactionIndex":"0x0","logIndex":"0x2","removed":false}]
logsBloom            0x00000000000000000002002000020000000000000000000000000000000000000000000000000000000000000000000000000000000200000000000200100000100000000000000000000008000040000000000000000000000000000000000000000804000100000000000100000400000000000000000000000010000000000000000000000000000000000000000000000000000000400000400020000000000002000000000008000000000000000000000000000000002000000200000000000002000201200000000000000000000000002000000000000000000000000000000000000000000000000010000001000000000000000008000000000000
root                 
status               1 (success)
transactionHash      0xa3cf19db17b61eec6063de90e3af8034d2fa1f1e468de3a784d8c31c1d880638
transactionIndex     0
type                 0
blobGasPrice         
blobGasUsed          
to                   0x000000000000000000000000000000000000F210
tx hash: 0xa3cf19db17b61eec6063de90e3af8034d2fa1f1e468de3a784d8c31c1d880638

blockHash            0x66c3f11a68731ce553d5148c6e693257733e506a856d6663d509ffd05f27f6f8
blockNumber          1
contractAddress      
cumulativeGasUsed    146556
effectiveGasPrice    1000000000
from                 0xf39Fd6e51aad88F6F4ce6aB8827279cffFb92266
gasUsed              146556
logs                 [{"address":"0x000000000000000000000000000000000000f210","topics":["0xddf252ad1be2c89b69c2b068fc378daa952ba7f163c4a11628f55a4df523b3ef","0x000000000000000000000000f39fd6e51aad88f6f4ce6ab8827279cfffb92266","0x00000000000000000000000070997970c51812dc3a010c7d01b50e0d17dc79c8"],"data":"0x00000000000000000000000000000000000000000000000000000000000f4240","blockHash":"0x66c3f11a68731ce553d5148c6e693257733e506a856d6663d509ffd05f27f6f8","blockNumber":"0x1","blockTimestamp":"0x6aa93f99","transactionHash":"0xa3cf19db17b61eec6063de90e3af8034d2fa1f1e468de3a784d8c31c1d880638","transactionIndex":"0x0","logIndex":"0x0","removed":false},{"address":"0x000000000000000000000000000000000000f210","topics":["0x0a0c8f33db7c30c7e65a63000c059ab3e9692ffc773bc2085912d507875c93a9","0x4e907bc6549aa732ebfd607dd5fa67ab7e765f3ee06e9a425d9e931a23e780aa"],"data":"0x0000000000000000000000000000000000000000000000000000000000000000","blockHash":"0x66c3f11a68731ce553d5148c6e693257733e506a856d6663d509ffd05f27f6f8","blockNumber":"0x1","blockTimestamp":"0x6aa93f99","transactionHash":"0xa3cf19db17b61eec6063de90e3af8034d2fa1f1e468de3a784d8c31c1d880638","transactionIndex":"0x0","logIndex":"0x1","removed":false},{"address":"0x000000000000000000000000000000000000f212","topics":["0x0452dbfc1921f94fd9e8275f67926322880663befdb4ab2a55f104e4655a815c","0x4444444444444444444444444444444444444444444444444444444444444444","0x4e907bc6549aa732ebfd607dd5fa67ab7e765f3ee06e9a425d9e931a23e780aa","0x000000000000000000000000000000000000000000000000000000000000f210"],"data":"0x","blockHash":"0x66c3f11a68731ce553d5148c6e693257733e506a856d6663d509ffd05f27f6f8","blockNumber":"0x1","blockTimestamp":"0x6aa93f99","transactionHash":"0xa3cf19db17b61eec6063de90e3af8034d2fa1f1e468de3a784d8c31c1d880638","transactionIndex":"0x0","logIndex":"0x2","removed":false}]
logsBloom            0x00000000000000000002002000020000000000000000000000000000000000000000000000000000000000000000000000000000000200000000000200100000100000000000000000000008000040000000000000000000000000000000000000000804000100000000000100000400000000000000000000000010000000000000000000000000000000000000000000000000000000400000400020000000000002000000000008000000000000000000000000000000002000000200000000000002000201200000000000000000000000002000000000000000000000000000000000000000000000000010000001000000000000000008000000000000
root                 
status               1 (success)
transactionHash      0xa3cf19db17b61eec6063de90e3af8034d2fa1f1e468de3a784d8c31c1d880638
transactionIndex     0
type                 0
blobGasPrice         
blobGasUsed          
to                   0x000000000000000000000000000000000000F210
F202 memoHash (origin=0xf39Fd6e51aad88F6F4ce6aB8827279cffFb92266): 0x4e907bc6549aa732ebfd607dd5fa67ab7e765f3ee06e9a425d9e931a23e780aa
note: usd_pacs008_stable_hash uses origin 0x…00AA and will NOT equal this mined hash
=== Sprint 1.5 pay OK ===
tx hash: 0xa3cf19db17b61eec6063de90e3af8034d2fa1f1e468de3a784d8c31c1d880638
